// Jest Snapshot v1, https://goo.gl/fbAQLP

exports[`Main component Matches the snapshot 1`] = `
<div>
  <div>
    <form
      id="search_bar"
    >
      <div
        className="search"
      >
        <input
          className="round"
          id="username_search_bar"
          onChange={[Function]}
          type="text"
          value=""
        />
      </div>
    </form>
  </div>
</div>
`;
