// Jest Snapshot v1, https://goo.gl/fbAQLP

exports[`SearchBar component Matches the snapshot 1`] = `
<div>
  <form
    id="search_bar"
    onSubmit={[Function]}
  >
    <div
      className="search"
    >
      <input
        className="round"
        id="username_search_bar"
        onChange={[Function]}
        placeholder="Enter a github username"
        type="text"
        value=""
      />
    </div>
    <div />
  </form>
</div>
`;
