// Jest Snapshot v1, https://goo.gl/fbAQLP

exports[`SearchBar component Matches the snapshot 1`] = `
<div>
  <form
    className="container"
    id="form"
    onSubmit={[Function]}
  >
    <input
      id="usernameSearchBar"
      onChange={[Function]}
      type="text"
      value=""
    />
    <div
      className="search"
    />
  </form>
  <div>
    <div
      id="favouriteLanguage2"
    >
      <p
        style={
          Object {
            "color": "#14153F",
            "font": "20px montserrat-bold, sans-serif",
            "fontWeight": "bold",
            "marginBlockEnd": "0.67em",
            "marginBlockStart": "0.67em",
            "marginInlineEnd": "0px",
            "marginInlineStart": "0px",
          }
        }
      />
    </div>
  </div>
</div>
`;
